
> frontend@0.1.0 lint
> eslint


Z:\locale-lend\frontend\app\layout.tsx
   5:7  warning  'geistSans' is assigned a value but never used  @typescript-eslint/no-unused-vars
  10:7  warning  'geistMono' is assigned a value but never used  @typescript-eslint/no-unused-vars

Z:\locale-lend\frontend\app\messages\page.tsx
   70:8   warning  React Hook useEffect has a missing dependency: 'fetchRequests'. Either include it or remove the dependency array  react-hooks/exhaustive-deps
   77:18  warning  'error' is defined but never used                                                                                 @typescript-eslint/no-unused-vars
  203:21  error    `"` can be escaped with `&quot;`, `&ldquo;`, `&#34;`, `&rdquo;`                                                   react/no-unescaped-entities
  203:39  error    `"` can be escaped with `&quot;`, `&ldquo;`, `&#34;`, `&rdquo;`                                                   react/no-unescaped-entities

Z:\locale-lend\frontend\app\page.tsx
  160:6   warning  React Hook useEffect has a missing dependency: 'fetchItemsData'. Either include it or remove the dependency array                                react-hooks/exhaustive-deps
  170:6   warning  React Hook useEffect has missing dependencies: 'fetchItemsData', 'user', and 'userLocation'. Either include them or remove the dependency array  react-hooks/exhaustive-deps
  190:32  warning  'message' is defined but never used                                                                                                              @typescript-eslint/no-unused-vars

Z:\locale-lend\frontend\app\profile\page.tsx
    4:10  warning  'motion' is defined but never used                                                                                                                                                                                                                                                                                                                                                                                                                                                                                                                                                                                                                                                                                                                                                                                                                                                                                                                                                                                                                                                                                                                                                                                                                                                                                                                                                                                                                                                                                                                                                                                                                                                                                                                                                                                                                                     @typescript-eslint/no-unused-vars
   17:32  error    Unexpected any. Specify a different type                                                                                                                                                                                                                                                                                                                                                                                                                                                                                                                                                                                                                                                                                                                                                                                                                                                                                                                                                                                                                                                                                                                                                                                                                                                                                                                                                                                                                                                                                                                                                                                                                                                                                                                                                                                                                               @typescript-eslint/no-explicit-any
   18:34  error    Unexpected any. Specify a different type                                                                                                                                                                                                                                                                                                                                                                                                                                                                                                                                                                                                                                                                                                                                                                                                                                                                                                                                                                                                                                                                                                                                                                                                                                                                                                                                                                                                                                                                                                                                                                                                                                                                                                                                                                                                                               @typescript-eslint/no-explicit-any
  105:89  error    Unexpected any. Specify a different type                                                                                                                                                                                                                                                                                                                                                                                                                                                                                                                                                                                                                                                                                                                                                                                                                                                                                                                                                                                                                                                                                                                                                                                                                                                                                                                                                                                                                                                                                                                                                                                                                                                                                                                                                                                                                               @typescript-eslint/no-explicit-any
  113:62  warning  'err' is defined but never used                                                                                                                                                                                                                                                                                                                                                                                                                                                                                                                                                                                                                                                                                                                                                                                                                                                                                                                                                                                                                                                                                                                                                                                                                                                                                                                                                                                                                                                                                                                                                                                                                                                                                                                                                                                                                                        @typescript-eslint/no-unused-vars
  132:66  warning  'err' is defined but never used                                                                                                                                                                                                                                                                                                                                                                                                                                                                                                                                                                                                                                                                                                                                                                                                                                                                                                                                                                                                                                                                                                                                                                                                                                                                                                                                                                                                                                                                                                                                                                                                                                                                                                                                                                                                                                        @typescript-eslint/no-unused-vars
  146:30  error    Error: Cannot create components during render

Components created during render will reset their state each time they are created. Declare components outside of render.

Z:\locale-lend\frontend\app\profile\page.tsx:146:30
  144 |                                 ))}
  145 |                             </div>
> 146 |                         ) : <EmptyState message="You haven't listed any items yet." />}
      |                              ^^^^^^^^^^ This component is created during render
  147 |                     </TabsContent>
  148 |
  149 |                     <TabsContent value="lends" className="space-y-6">

Z:\locale-lend\frontend\app\profile\page.tsx:52:24
  50 |     }, [user]);
  51 |
> 52 |     const EmptyState = ({ message }: { message: string }) => (
     |                        ^^^^^^^^^^^^^^^^^^^^^^^^^^^^^^^^^^^^^^^
> 53 |         <div className="text-center py-12 text-muted-foreground bg-secondary/30 rounded-xl border border-dashed border-border">
     | ^^^^^^^^^^^^^^^^^^^^^^^^^^^^^^^^^^^^^^^^^^^^^^^^^^^^^^^^^^^^^^^^^^^^^^^^^^^^^^^^^^^^^^^^^^^^^^^^^^^^^^^^^^^^^^^^^^^^^^^^^^^^^^^
> 54 |             <Package className="w-12 h-12 mx-auto mb-3 opacity-50" />
     | ^^^^^^^^^^^^^^^^^^^^^^^^^^^^^^^^^^^^^^^^^^^^^^^^^^^^^^^^^^^^^^^^^^^^^^^^^^^^^^^^^^^^^^^^^^^^^^^^^^^^^^^^^^^^^^^^^^^^^^^^^^^^^^^
> 55 |             <p>{message}</p>
     | ^^^^^^^^^^^^^^^^^^^^^^^^^^^^^^^^^^^^^^^^^^^^^^^^^^^^^^^^^^^^^^^^^^^^^^^^^^^^^^^^^^^^^^^^^^^^^^^^^^^^^^^^^^^^^^^^^^^^^^^^^^^^^^^
> 56 |         </div>
     | ^^^^^^^^^^^^^^^^^^^^^^^^^^^^^^^^^^^^^^^^^^^^^^^^^^^^^^^^^^^^^^^^^^^^^^^^^^^^^^^^^^^^^^^^^^^^^^^^^^^^^^^^^^^^^^^^^^^^^^^^^^^^^^^
> 57 |     );
     | ^^^^^^ The component is created during render here
  58 |
  59 |     if (authLoading || loading) {
  60 |         return (  react-hooks/static-components
  159:30  error    Error: Cannot create components during render

Components created during render will reset their state each time they are created. Declare components outside of render.

Z:\locale-lend\frontend\app\profile\page.tsx:159:30
  157 |                                 ))}
  158 |                             </div>
> 159 |                         ) : <EmptyState message="No active lending history." />}
      |                              ^^^^^^^^^^ This component is created during render
  160 |                     </TabsContent>
  161 |
  162 |                     <TabsContent value="borrows" className="space-y-6">

Z:\locale-lend\frontend\app\profile\page.tsx:52:24
  50 |     }, [user]);
  51 |
> 52 |     const EmptyState = ({ message }: { message: string }) => (
     |                        ^^^^^^^^^^^^^^^^^^^^^^^^^^^^^^^^^^^^^^^
> 53 |         <div className="text-center py-12 text-muted-foreground bg-secondary/30 rounded-xl border border-dashed border-border">
     | ^^^^^^^^^^^^^^^^^^^^^^^^^^^^^^^^^^^^^^^^^^^^^^^^^^^^^^^^^^^^^^^^^^^^^^^^^^^^^^^^^^^^^^^^^^^^^^^^^^^^^^^^^^^^^^^^^^^^^^^^^^^^^^^
> 54 |             <Package className="w-12 h-12 mx-auto mb-3 opacity-50" />
     | ^^^^^^^^^^^^^^^^^^^^^^^^^^^^^^^^^^^^^^^^^^^^^^^^^^^^^^^^^^^^^^^^^^^^^^^^^^^^^^^^^^^^^^^^^^^^^^^^^^^^^^^^^^^^^^^^^^^^^^^^^^^^^^^
> 55 |             <p>{message}</p>
     | ^^^^^^^^^^^^^^^^^^^^^^^^^^^^^^^^^^^^^^^^^^^^^^^^^^^^^^^^^^^^^^^^^^^^^^^^^^^^^^^^^^^^^^^^^^^^^^^^^^^^^^^^^^^^^^^^^^^^^^^^^^^^^^^
> 56 |         </div>
     | ^^^^^^^^^^^^^^^^^^^^^^^^^^^^^^^^^^^^^^^^^^^^^^^^^^^^^^^^^^^^^^^^^^^^^^^^^^^^^^^^^^^^^^^^^^^^^^^^^^^^^^^^^^^^^^^^^^^^^^^^^^^^^^^
> 57 |     );
     | ^^^^^^ The component is created during render here
  58 |
  59 |     if (authLoading || loading) {
  60 |         return (       react-hooks/static-components
  172:30  error    Error: Cannot create components during render

Components created during render will reset their state each time they are created. Declare components outside of render.

Z:\locale-lend\frontend\app\profile\page.tsx:172:30
  170 |                                 ))}
  171 |                             </div>
> 172 |                         ) : <EmptyState message="No active borrowing history." />}
      |                              ^^^^^^^^^^ This component is created during render
  173 |                     </TabsContent>
  174 |                 </Tabs>
  175 |             </div>

Z:\locale-lend\frontend\app\profile\page.tsx:52:24
  50 |     }, [user]);
  51 |
> 52 |     const EmptyState = ({ message }: { message: string }) => (
     |                        ^^^^^^^^^^^^^^^^^^^^^^^^^^^^^^^^^^^^^^^
> 53 |         <div className="text-center py-12 text-muted-foreground bg-secondary/30 rounded-xl border border-dashed border-border">
     | ^^^^^^^^^^^^^^^^^^^^^^^^^^^^^^^^^^^^^^^^^^^^^^^^^^^^^^^^^^^^^^^^^^^^^^^^^^^^^^^^^^^^^^^^^^^^^^^^^^^^^^^^^^^^^^^^^^^^^^^^^^^^^^^
> 54 |             <Package className="w-12 h-12 mx-auto mb-3 opacity-50" />
     | ^^^^^^^^^^^^^^^^^^^^^^^^^^^^^^^^^^^^^^^^^^^^^^^^^^^^^^^^^^^^^^^^^^^^^^^^^^^^^^^^^^^^^^^^^^^^^^^^^^^^^^^^^^^^^^^^^^^^^^^^^^^^^^^
> 55 |             <p>{message}</p>
     | ^^^^^^^^^^^^^^^^^^^^^^^^^^^^^^^^^^^^^^^^^^^^^^^^^^^^^^^^^^^^^^^^^^^^^^^^^^^^^^^^^^^^^^^^^^^^^^^^^^^^^^^^^^^^^^^^^^^^^^^^^^^^^^^
> 56 |         </div>
     | ^^^^^^^^^^^^^^^^^^^^^^^^^^^^^^^^^^^^^^^^^^^^^^^^^^^^^^^^^^^^^^^^^^^^^^^^^^^^^^^^^^^^^^^^^^^^^^^^^^^^^^^^^^^^^^^^^^^^^^^^^^^^^^^
> 57 |     );
     | ^^^^^^ The component is created during render here
  58 |
  59 |     if (authLoading || loading) {
  60 |         return (                                  react-hooks/static-components

Z:\locale-lend\frontend\components\AddItemModal.tsx
    4:21   warning  'MapPin' is defined but never used                                                                                                                                                                                                                                                       @typescript-eslint/no-unused-vars
  105:19   warning  'docId' is assigned a value but never used                                                                                                                                                                                                                                               @typescript-eslint/no-unused-vars
  155:45   warning  Using `<img>` could result in slower LCP and higher bandwidth. Consider using `<Image />` from `next/image` or a custom image loader to automatically optimize images. This may incur additional usage or cost from your provider. See: https://nextjs.org/docs/messages/no-img-element  @next/next/no-img-element
  190:111  error    Unexpected any. Specify a different type                                                                                                                                                                                                                                                 @typescript-eslint/no-explicit-any

Z:\locale-lend\frontend\components\AuthForm.tsx
  11:62  warning  'ArrowLeft' is defined but never used                        @typescript-eslint/no-unused-vars
  35:31  warning  'setShowOTPVerification' is assigned a value but never used  @typescript-eslint/no-unused-vars
  36:10  warning  'otpValue' is assigned a value but never used                @typescript-eslint/no-unused-vars
  36:20  warning  'setOtpValue' is assigned a value but never used             @typescript-eslint/no-unused-vars
  51:14  warning  'error' is defined but never used                            @typescript-eslint/no-unused-vars
  88:14  warning  'error' is defined but never used                            @typescript-eslint/no-unused-vars

Z:\locale-lend\frontend\components\ChatWindow.tsx
  3:18  warning  'AnimatePresence' is defined but never used  @typescript-eslint/no-unused-vars
  4:19  warning  'AlertCircle' is defined but never used      @typescript-eslint/no-unused-vars
  8:10  warning  'ScrollArea' is defined but never used       @typescript-eslint/no-unused-vars
  9:10  warning  'Avatar' is defined but never used           @typescript-eslint/no-unused-vars
  9:18  warning  'AvatarFallback' is defined but never used   @typescript-eslint/no-unused-vars
  9:34  warning  'AvatarImage' is defined but never used      @typescript-eslint/no-unused-vars

Z:\locale-lend\frontend\components\HeroSection.tsx
   4:20  warning  'useEffect' is defined but never used          @typescript-eslint/no-unused-vars
  11:17  warning  'setStats' is assigned a value but never used  @typescript-eslint/no-unused-vars

Z:\locale-lend\frontend\components\ItemCard.tsx
  37:9   warning  Using `<img>` could result in slower LCP and higher bandwidth. Consider using `<Image />` from `next/image` or a custom image loader to automatically optimize images. This may incur additional usage or cost from your provider. See: https://nextjs.org/docs/messages/no-img-element  @next/next/no-img-element
  77:15  warning  Using `<img>` could result in slower LCP and higher bandwidth. Consider using `<Image />` from `next/image` or a custom image loader to automatically optimize images. This may incur additional usage or cost from your provider. See: https://nextjs.org/docs/messages/no-img-element  @next/next/no-img-element

Z:\locale-lend\frontend\components\Navbar.tsx
   4:10  warning  'Home' is defined but never used          @typescript-eslint/no-unused-vars
  40:45  error    Unexpected any. Specify a different type  @typescript-eslint/no-explicit-any
  42:16  warning  'error' is defined but never used         @typescript-eslint/no-unused-vars

Z:\locale-lend\frontend\components\NeighborhoodMap.tsx
    4:10  warning  'MapPin' is defined but never used                                                                                                                                                                                                                                                                                                                                                                                                                                                                                                                                                                                                                                                                                                                                                                                                                                                                                                                                                                     @typescript-eslint/no-unused-vars
    4:18  warning  'Star' is defined but never used                                                                                                                                                                                                                                                                                                                                                                                                                                                                                                                                                                                                                                                                                                                                                                                                                                                                                                                                                                       @typescript-eslint/no-unused-vars
   95:3   warning  'userLocation' is defined but never used                                                                                                                                                                                                                                                                                                                                                                                                                                                                                                                                                                                                                                                                                                                                                                                                                                                                                                                                                               @typescript-eslint/no-unused-vars
  140:5   error    Error: Calling setState synchronously within an effect can trigger cascading renders

Effects are intended to synchronize state between React and external systems such as manually updating the DOM, state management libraries, or other platform APIs. In general, the body of an effect should do one or both of the following:
* Update external systems with the latest state from React.
* Subscribe for updates from some external system, calling setState in a callback function when external state changes.

Calling setState synchronously within an effect body causes cascading renders that can hurt performance, and is not recommended. (https://react.dev/learn/you-might-not-need-an-effect).

Z:\locale-lend\frontend\components\NeighborhoodMap.tsx:140:5
  138 |
  139 |     mapInstanceRef.current = map;
> 140 |     setIsLoaded(true);
      |     ^^^^^^^^^^^ Avoid calling setState() directly within an effect
  141 |
  142 |     // Cleanup
  143 |     return () => {  react-hooks/set-state-in-effect
  150:6   warning  React Hook useEffect has a missing dependency: 'center'. Either include it or remove the dependency array                                                                                                                                                                                                                                                                                                                                                                                                                                                                                                                                                                                                                                                                                                                                                                                                                                                                                              react-hooks/exhaustive-deps

Z:\locale-lend\frontend\components\OTPVerification.tsx
   41:14  warning  'error' is defined but never used                                @typescript-eslint/no-unused-vars
   52:14  warning  'error' is defined but never used                                @typescript-eslint/no-unused-vars
   77:15  error    `'` can be escaped with `&apos;`, `&lsquo;`, `&#39;`, `&rsquo;`  react/no-unescaped-entities
  113:19  error    `'` can be escaped with `&apos;`, `&lsquo;`, `&#39;`, `&rsquo;`  react/no-unescaped-entities

Z:\locale-lend\frontend\components\RequestModal.tsx
   90:15  warning  Using `<img>` could result in slower LCP and higher bandwidth. Consider using `<Image />` from `next/image` or a custom image loader to automatically optimize images. This may incur additional usage or cost from your provider. See: https://nextjs.org/docs/messages/no-img-element  @next/next/no-img-element
  125:17  warning  Using `<img>` could result in slower LCP and higher bandwidth. Consider using `<Image />` from `next/image` or a custom image loader to automatically optimize images. This may incur additional usage or cost from your provider. See: https://nextjs.org/docs/messages/no-img-element  @next/next/no-img-element

Z:\locale-lend\frontend\components\ui\calendar.tsx
  45:25  warning  '_props' is defined but never used  @typescript-eslint/no-unused-vars
  46:26  warning  '_props' is defined but never used  @typescript-eslint/no-unused-vars

Z:\locale-lend\frontend\components\ui\chart.tsx
  62:55  warning  '_' is defined but never used  @typescript-eslint/no-unused-vars

Z:\locale-lend\frontend\components\ui\input-otp.tsx
  31:68  error  Unexpected any. Specify a different type  @typescript-eslint/no-explicit-any

Z:\locale-lend\frontend\components\ui\sidebar.tsx
  536:26  error  Error: Cannot call impure function during render

`Math.random` is an impure function. Calling an impure function can produce unstable results that update unpredictably when the component happens to re-render. (https://react.dev/reference/rules/components-and-hooks-must-be-pure#components-and-hooks-must-be-idempotent).

Z:\locale-lend\frontend\components\ui\sidebar.tsx:536:26
  534 |   // Random width between 50 to 90%.
  535 |   const width = React.useMemo(() => {
> 536 |     return `${Math.floor(Math.random() * 40) + 50}%`;
      |                          ^^^^^^^^^^^^^ Cannot call impure function
  537 |   }, []);
  538 |
  539 |   return (  react-hooks/purity

Z:\locale-lend\frontend\contexts\AuthContext.tsx
   12:11  warning  'FirebaseUser' is defined but never used  @typescript-eslint/no-unused-vars
   61:21  error    Unexpected any. Specify a different type  @typescript-eslint/no-explicit-any
   89:21  error    Unexpected any. Specify a different type  @typescript-eslint/no-explicit-any
  110:31  warning  'email' is defined but never used         @typescript-eslint/no-unused-vars
  117:33  warning  'email' is defined but never used         @typescript-eslint/no-unused-vars
  117:48  warning  'otp' is defined but never used           @typescript-eslint/no-unused-vars

Z:\locale-lend\frontend\hooks\use-toast.ts
  15:7  warning  'actionTypes' is assigned a value but only used as a type  @typescript-eslint/no-unused-vars

Z:\locale-lend\frontend\lib\db.ts
   14:10  warning  'DocumentData' is defined but never used  @typescript-eslint/no-unused-vars
   19:21  warning  'GeoJSONPoint' is defined but never used  @typescript-eslint/no-unused-vars
   98:23  error    Unexpected any. Specify a different type  @typescript-eslint/no-explicit-any
  175:23  error    Unexpected any. Specify a different type  @typescript-eslint/no-explicit-any

Γ£û 68 problems (19 errors, 49 warnings)

